{
  "id": "00000000-0000-0000-0000-000000000002",
  "firstName": "Федор",
  "lastName": "Федоров",
  "middleName": "Федорович",
  "positionHeld": "Администратор",
  "email": "fedorov-ff@test.ru",
  "phoneNumber": "88000000002"
}
