{
  "id": "00000000-0000-0000-0000-000000000004",
  "firstName": "Степан",
  "lastName": "Степанов",
  "middleName": "Степанович",
  "positionHeld": "Грузчик",
  "email": "stepanov-ss@test.ru",
  "phoneNumber": "88000000004"
}