{
  "id": "00000000-0000-0000-0000-000000000003",
  "firstName": "Сергей",
  "lastName": "Сергеев",
  "middleName": "Сергеевич",
  "positionHeld": "Водитель",
  "email": "sergeev-ss@test.ru",
  "phoneNumber": "88000000003"
}